%!Adobe-FontList 1.07

%BeginFont
Handler:WinTTHandler
FontType:TrueType
FontName:Marlett
FamilyName:Marlett
StyleName:Regular
WeightClass:500
WidthClass:5
AngleClass:0
FullName:Marlett
WritingScript:Roman
WinName:Marlett
FileLength:24480
%EndFont

%BeginFont
Handler:WinTTHandler
FontType:TrueType
FontName:ArialMT
FamilyName:Arial
StyleName:Regular
WeightClass:400
WidthClass:5
AngleClass:0
FullName:Arial
WritingScript:Roman
WinName:Arial
FileLength:367112
%EndFont

%BeginFont
Handler:WinTTHandler
FontType:TrueType
FontName:Arial-BoldMT
FamilyName:Arial
StyleName:Bold
WeightClass:700
WidthClass:5
AngleClass:0
FullName:Arial Bold
WritingScript:Roman
WinName:Arial Bold
FileLength:352224
%EndFont

%BeginFont
Handler:WinTTHandler
FontType:TrueType
FontName:Arial-BoldItalicMT
FamilyName:Arial
StyleName:Bold Italic
WeightClass:700
WidthClass:5
AngleClass:1
FullName:Arial Bold Italic
WritingScript:Roman
WinName:Arial Bold Italic
FileLength:221756
%EndFont

%BeginFont
Handler:WinTTHandler
FontType:TrueType
FontName:Arial-ItalicMT
FamilyName:Arial
StyleName:Italic
WeightClass:400
WidthClass:5
AngleClass:1
FullName:Arial Italic
WritingScript:Roman
WinName:Arial Italic
FileLength:200684
%EndFont

%BeginFont
Handler:WinTTHandler
FontType:TrueType
FontName:CourierNewPSMT
FamilyName:Courier New
StyleName:Regular
WeightClass:400
WidthClass:5
AngleClass:0
FullName:Courier New
WritingScript:Roman
WinName:Courier New
FileLength:297660
%EndFont

%BeginFont
Handler:WinTTHandler
FontType:TrueType
FontName:CourierNewPS-BoldMT
FamilyName:Courier New
StyleName:Bold
WeightClass:700
WidthClass:5
AngleClass:0
FullName:Courier New Bold
WritingScript:Roman
WinName:Courier New Bold
FileLength:306688
%EndFont

%BeginFont
Handler:WinTTHandler
FontType:TrueType
FontName:CourierNewPS-BoldItalicMT
FamilyName:Courier New
StyleName:Bold Italic
WeightClass:700
WidthClass:5
AngleClass:1
FullName:Courier New Bold Italic
WritingScript:Roman
WinName:Courier New Bold Italic
FileLength:228796
%EndFont

%BeginFont
Handler:WinTTHandler
FontType:TrueType
FontName:CourierNewPS-ItalicMT
FamilyName:Courier New
StyleName:Italic
WeightClass:400
WidthClass:5
AngleClass:1
FullName:Courier New Italic
WritingScript:Roman
WinName:Courier New Italic
FileLength:238088
%EndFont

%BeginFont
Handler:WinTTHandler
FontType:TrueType
FontName:LucidaConsole
FamilyName:Lucida Console
StyleName:Regular
WeightClass:400
WidthClass:4
AngleClass:0
FullName:Lucida Console
WritingScript:Roman
WinName:Lucida Console
FileLength:115068
%EndFont

%BeginFont
Handler:WinTTHandler
FontType:TrueType
FontName:LucidaSansUnicode
FamilyName:Lucida Sans Unicode
StyleName:Regular
WeightClass:400
WidthClass:5
AngleClass:0
FullName:Lucida Sans Unicode
WritingScript:Roman
WinName:Lucida Sans Unicode
FileLength:323980
%EndFont

%BeginFont
Handler:WinTTHandler
FontType:TrueType
FontName:TimesNewRomanPSMT
FamilyName:Times New Roman
StyleName:Regular
WeightClass:400
WidthClass:5
AngleClass:0
FullName:Times New Roman
WritingScript:Roman
WinName:Times New Roman
FileLength:409280
%EndFont

%BeginFont
Handler:WinTTHandler
FontType:TrueType
FontName:TimesNewRomanPS-BoldMT
FamilyName:Times New Roman
StyleName:Bold
WeightClass:700
WidthClass:5
AngleClass:0
FullName:Times New Roman Bold
WritingScript:Roman
WinName:Times New Roman Bold
FileLength:398372
%EndFont

%BeginFont
Handler:WinTTHandler
FontType:TrueType
FontName:TimesNewRomanPS-BoldItalicMT
FamilyName:Times New Roman
StyleName:Bold Italic
WeightClass:700
WidthClass:5
AngleClass:1
FullName:Times New Roman Bold Italic
WritingScript:Roman
WinName:Times New Roman Bold Italic
FileLength:233892
%EndFont

%BeginFont
Handler:WinTTHandler
FontType:TrueType
FontName:TimesNewRomanPS-ItalicMT
FamilyName:Times New Roman
StyleName:Italic
WeightClass:400
WidthClass:5
AngleClass:1
FullName:Times New Roman Italic
WritingScript:Roman
WinName:Times New Roman Italic
FileLength:241972
%EndFont

%BeginFont
Handler:WinTTHandler
FontType:TrueType
FontName:Wingdings-Regular
FamilyName:Wingdings
StyleName:Regular
WeightClass:400
WidthClass:5
AngleClass:0
FullName:Wingdings
WritingScript:Roman
WinName:Wingdings
FileLength:81000
%EndFont

%BeginFont
Handler:WinTTHandler
FontType:TrueType
FontName:SymbolMT
FamilyName:Symbol
StyleName:Regular
WeightClass:400
WidthClass:5
AngleClass:0
FullName:Symbol
WritingScript:Roman
WinName:Symbol
FileLength:69464
%EndFont

%BeginFont
Handler:WinTTHandler
FontType:TrueType
FontName:Verdana
FamilyName:Verdana
StyleName:Regular
WeightClass:400
WidthClass:5
AngleClass:0
FullName:Verdana
WritingScript:Roman
WinName:Verdana
FileLength:139640
%EndFont

%BeginFont
Handler:WinTTHandler
FontType:TrueType
FontName:Verdana-Bold
FamilyName:Verdana
StyleName:Bold
WeightClass:700
WidthClass:5
AngleClass:0
FullName:Verdana Bold
WritingScript:Roman
WinName:Verdana Bold
FileLength:136032
%EndFont

%BeginFont
Handler:WinTTHandler
FontType:TrueType
FontName:Verdana-Italic
FamilyName:Verdana
StyleName:Italic
WeightClass:400
WidthClass:5
AngleClass:1
FullName:Verdana Italic
WritingScript:Roman
WinName:Verdana Italic
FileLength:154264
%EndFont

%BeginFont
Handler:WinTTHandler
FontType:TrueType
FontName:Verdana-BoldItalic
FamilyName:Verdana
StyleName:Bold Italic
WeightClass:700
WidthClass:5
AngleClass:1
FullName:Verdana Bold Italic
WritingScript:Roman
WinName:Verdana Bold Italic
FileLength:153324
%EndFont

%BeginFont
Handler:WinTTHandler
FontType:TrueType
FontName:Arial-Black
FamilyName:Arial Black
StyleName:Regular
WeightClass:400
WidthClass:5
AngleClass:0
FullName:Arial Black
WritingScript:Roman
WinName:Arial Black
FileLength:117028
%EndFont

%BeginFont
Handler:WinTTHandler
FontType:TrueType
FontName:Arial-BlackItalic
FamilyName:Arial Black
StyleName:Italic
WeightClass:400
WidthClass:5
AngleClass:1
FullName:Arial Black Italic
WritingScript:Roman
WinName:Arial Black Italic
FileLength:65544
%EndFont

%BeginFont
Handler:WinTTHandler
FontType:TrueType
FontName:ComicSansMS
FamilyName:Comic Sans MS
StyleName:Regular
WeightClass:400
WidthClass:5
AngleClass:0
FullName:Comic Sans MS
WritingScript:Roman
WinName:Comic Sans MS
FileLength:126364
%EndFont

%BeginFont
Handler:WinTTHandler
FontType:TrueType
FontName:ComicSansMS-Bold
FamilyName:Comic Sans MS
StyleName:Bold
WeightClass:700
WidthClass:5
AngleClass:0
FullName:Comic Sans MS Bold
WritingScript:Roman
WinName:Comic Sans MS Bold
FileLength:111476
%EndFont

%BeginFont
Handler:WinTTHandler
FontType:TrueType
FontName:Impact
FamilyName:Impact
StyleName:Regular
WeightClass:400
WidthClass:3
AngleClass:0
FullName:Impact
WritingScript:Roman
WinName:Impact
FileLength:136076
%EndFont

%BeginFont
Handler:WinTTHandler
FontType:TrueType
FontName:Georgia
FamilyName:Georgia
StyleName:Regular
WeightClass:400
WidthClass:5
AngleClass:0
FullName:Georgia
WritingScript:Roman
WinName:Georgia
FileLength:142964
%EndFont

%BeginFont
Handler:WinTTHandler
FontType:TrueType
FontName:Georgia-Bold
FamilyName:Georgia
StyleName:Bold
WeightClass:700
WidthClass:5
AngleClass:0
FullName:Georgia Bold
WritingScript:Roman
WinName:Georgia Bold
FileLength:139584
%EndFont

%BeginFont
Handler:WinTTHandler
FontType:TrueType
FontName:Georgia-BoldItalic
FamilyName:Georgia
StyleName:Bold Italic
WeightClass:700
WidthClass:5
AngleClass:1
FullName:Georgia Bold Italic
WritingScript:Roman
WinName:Georgia Bold Italic
FileLength:158796
%EndFont

%BeginFont
Handler:WinTTHandler
FontType:TrueType
FontName:Georgia-Italic
FamilyName:Georgia
StyleName:Italic
WeightClass:400
WidthClass:5
AngleClass:1
FullName:Georgia Italic
WritingScript:Roman
WinName:Georgia Italic
FileLength:156668
%EndFont

%BeginFont
Handler:WinTTHandler
FontType:TrueType
FontName:PalatinoLinotype-Roman
FamilyName:Palatino Linotype
StyleName:Regular
WeightClass:400
WidthClass:5
AngleClass:0
FullName:Palatino Linotype
WritingScript:Roman
WinName:Palatino Linotype
FileLength:506836
%EndFont

%BeginFont
Handler:WinTTHandler
FontType:TrueType
FontName:PalatinoLinotype-Bold
FamilyName:Palatino Linotype
StyleName:Bold
WeightClass:700
WidthClass:5
AngleClass:0
FullName:Palatino Linotype Bold
WritingScript:Roman
WinName:Palatino Linotype Bold
FileLength:451232
%EndFont

%BeginFont
Handler:WinTTHandler
FontType:TrueType
FontName:PalatinoLinotype-BoldItalic
FamilyName:Palatino Linotype
StyleName:Bold Italic
WeightClass:700
WidthClass:5
AngleClass:1
FullName:Palatino Linotype Bold Italic
WritingScript:Roman
WinName:Palatino Linotype Bold Italic
FileLength:362168
%EndFont

%BeginFont
Handler:WinTTHandler
FontType:TrueType
FontName:PalatinoLinotype-Italic
FamilyName:Palatino Linotype
StyleName:Italic
WeightClass:400
WidthClass:5
AngleClass:1
FullName:Palatino Linotype Italic
WritingScript:Roman
WinName:Palatino Linotype Italic
FileLength:448112
%EndFont

%BeginFont
Handler:WinTTHandler
FontType:TrueType
FontName:Tahoma-Bold
FamilyName:Tahoma
StyleName:Bold
WeightClass:700
WidthClass:5
AngleClass:0
FullName:Tahoma Bold
WritingScript:Roman
WinName:Tahoma Bold
FileLength:260472
%EndFont

%BeginFont
Handler:WinTTHandler
FontType:TrueType
FontName:Tahoma
FamilyName:Tahoma
StyleName:Regular
WeightClass:400
WidthClass:5
AngleClass:0
FullName:Tahoma
WritingScript:Roman
WinName:Tahoma
FileLength:265528
%EndFont

%BeginFont
Handler:WinTTHandler
FontType:TrueType
FontName:TrebuchetMS
FamilyName:Trebuchet MS
StyleName:Regular
WeightClass:400
WidthClass:5
AngleClass:0
FullName:Trebuchet MS
WritingScript:Roman
WinName:Trebuchet MS
FileLength:65100
%EndFont

%BeginFont
Handler:WinTTHandler
FontType:TrueType
FontName:TrebuchetMS-Bold
FamilyName:Trebuchet MS
StyleName:Bold
WeightClass:700
WidthClass:5
AngleClass:0
FullName:Trebuchet MS Bold
WritingScript:Roman
WinName:Trebuchet MS Bold
FileLength:65300
%EndFont

%BeginFont
Handler:WinTTHandler
FontType:TrueType
FontName:Trebuchet-BoldItalic
FamilyName:Trebuchet MS
StyleName:Bold Italic
WeightClass:700
WidthClass:5
AngleClass:1
FullName:Trebuchet MS Bold Italic
WritingScript:Roman
WinName:Trebuchet MS Bold Italic
FileLength:65296
%EndFont

%BeginFont
Handler:WinTTHandler
FontType:TrueType
FontName:TrebuchetMS-Italic
FamilyName:Trebuchet MS
StyleName:Italic
WeightClass:400
WidthClass:5
AngleClass:1
FullName:Trebuchet MS Italic
WritingScript:Roman
WinName:Trebuchet MS Italic
FileLength:71320
%EndFont

%BeginFont
Handler:WinTTHandler
FontType:TrueType
FontName:Webdings
FamilyName:Webdings
StyleName:Regular
WeightClass:400
WidthClass:5
AngleClass:0
FullName:Webdings
WritingScript:Roman
WinName:Webdings
FileLength:118752
%EndFont

%BeginFont
Handler:WinTTHandler
FontType:TrueType
FontName:MicrosoftSansSerif
FamilyName:Microsoft Sans Serif
StyleName:Regular
WeightClass:400
WidthClass:5
AngleClass:0
FullName:Microsoft Sans Serif
WritingScript:Roman
WinName:Microsoft Sans Serif
FileLength:259384
%EndFont

%BeginFont
Handler:WinTTHandler
FontType:TrueType
FontName:ArialNarrow
FamilyName:Arial Narrow
StyleName:Regular
WeightClass:400
WidthClass:3
AngleClass:0
FullName:Arial Narrow
WritingScript:Roman
WinName:Arial Narrow
FileLength:134188
%EndFont

%BeginFont
Handler:WinTTHandler
FontType:TrueType
FontName:ArialNarrow-Bold
FamilyName:Arial Narrow
StyleName:Bold
WeightClass:700
WidthClass:3
AngleClass:0
FullName:Arial Narrow Bold
WritingScript:Roman
WinName:Arial Narrow Bold
FileLength:139056
%EndFont

%BeginFont
Handler:WinTTHandler
FontType:TrueType
FontName:ArialNarrow-BoldItalic
FamilyName:Arial Narrow
StyleName:Bold Italic
WeightClass:700
WidthClass:3
AngleClass:1
FullName:Arial Narrow Bold Italic
WritingScript:Roman
WinName:Arial Narrow Bold Italic
FileLength:138468
%EndFont

%BeginFont
Handler:WinTTHandler
FontType:TrueType
FontName:ArialNarrow-Italic
FamilyName:Arial Narrow
StyleName:Italic
WeightClass:400
WidthClass:3
AngleClass:1
FullName:Arial Narrow Italic
WritingScript:Roman
WinName:Arial Narrow Italic
FileLength:141328
%EndFont

%BeginFont
Handler:WinTTHandler
FontType:TrueType
FontName:ArialUnicodeMS
FamilyName:Arial Unicode MS
StyleName:Regular
WeightClass:400
WidthClass:5
AngleClass:0
FullName:Arial Unicode MS
FamilyNameNative:Arial Unicode MS
StyleNameNative:Regular
FullNameNative:Arial Unicode MS
WritingScript:Korean
WinName:Arial Unicode MS
FileLength:23274572
%EndFont

%BeginFont
Handler:WinTTHandler
FontType:TrueType
FontName:Batang
FamilyName:Batang
StyleName:Regular
WeightClass:400
WidthClass:5
AngleClass:0
FullName:Batang
FamilyNameNative:πŸ≈¡
StyleNameNative:Regular
FullNameNative:πŸ≈¡
WritingScript:Korean
WinName:Batang
FileLength:15519828
%EndFont

%BeginFont
Handler:WinTTHandler
FontType:TrueType
FontName:BookAntiqua
FamilyName:Book Antiqua
StyleName:Regular
WeightClass:400
WidthClass:5
AngleClass:0
FullName:Book Antiqua
WritingScript:Roman
WinName:Book Antiqua
FileLength:155528
%EndFont

%BeginFont
Handler:WinTTHandler
FontType:TrueType
FontName:BookAntiqua-Bold
FamilyName:Book Antiqua
StyleName:Bold
WeightClass:700
WidthClass:5
AngleClass:0
FullName:Book Antiqua Bold
WritingScript:Roman
WinName:Book Antiqua Bold
FileLength:151000
%EndFont

%BeginFont
Handler:WinTTHandler
FontType:TrueType
FontName:BookAntiqua-BoldItalic
FamilyName:Book Antiqua
StyleName:Bold Italic
WeightClass:700
WidthClass:5
AngleClass:1
FullName:Book Antiqua Bold Italic
WritingScript:Roman
WinName:Book Antiqua Bold Italic
FileLength:150416
%EndFont

%BeginFont
Handler:WinTTHandler
FontType:TrueType
FontName:BookAntiqua-Italic
FamilyName:Book Antiqua
StyleName:Italic
WeightClass:400
WidthClass:5
AngleClass:1
FullName:Book Antiqua Italic
WritingScript:Roman
WinName:Book Antiqua Italic
FileLength:149092
%EndFont

%BeginFont
Handler:WinTTHandler
FontType:TrueType
FontName:BookmanOldStyle
FamilyName:Bookman Old Style
StyleName:Regular
WeightClass:300
WidthClass:5
AngleClass:0
FullName:Bookman Old Style
WritingScript:Roman
WinName:Bookman Old Style
FileLength:160940
%EndFont

%BeginFont
Handler:WinTTHandler
FontType:TrueType
FontName:BookmanOldStyle-Bold
FamilyName:Bookman Old Style
StyleName:Bold
WeightClass:600
WidthClass:5
AngleClass:0
FullName:Bookman Old Style Bold
WritingScript:Roman
WinName:Bookman Old Style Bold
FileLength:154576
%EndFont

%BeginFont
Handler:WinTTHandler
FontType:TrueType
FontName:BookmanOldStyle-BoldItalic
FamilyName:Bookman Old Style
StyleName:Bold Italic
WeightClass:600
WidthClass:5
AngleClass:1
FullName:Bookman Old Style Bold Italic
WritingScript:Roman
WinName:Bookman Old Style Bold Italic
FileLength:162460
%EndFont

%BeginFont
Handler:WinTTHandler
FontType:TrueType
FontName:BookmanOldStyle-Italic
FamilyName:Bookman Old Style
StyleName:Italic
WeightClass:300
WidthClass:5
AngleClass:1
FullName:Bookman Old Style Italic
WritingScript:Roman
WinName:Bookman Old Style Italic
FileLength:160920
%EndFont

%BeginFont
Handler:WinTTHandler
FontType:TrueType
FontName:Century
FamilyName:Century
StyleName:Regular
WeightClass:400
WidthClass:5
AngleClass:0
FullName:Century
WritingScript:Roman
WinName:Century
FileLength:163828
%EndFont

%BeginFont
Handler:WinTTHandler
FontType:TrueType
FontName:CenturyGothic
FamilyName:Century Gothic
StyleName:Regular
WeightClass:400
WidthClass:5
AngleClass:0
FullName:Century Gothic
WritingScript:Roman
WinName:Century Gothic
FileLength:137568
%EndFont

%BeginFont
Handler:WinTTHandler
FontType:TrueType
FontName:CenturyGothic-Bold
FamilyName:Century Gothic
StyleName:Bold
WeightClass:700
WidthClass:5
AngleClass:0
FullName:Century Gothic Bold
WritingScript:Roman
WinName:Century Gothic Bold
FileLength:129676
%EndFont

%BeginFont
Handler:WinTTHandler
FontType:TrueType
FontName:CenturyGothic-BoldItalic
FamilyName:Century Gothic
StyleName:Bold Italic
WeightClass:700
WidthClass:5
AngleClass:1
FullName:Century Gothic Bold Italic
WritingScript:Roman
WinName:Century Gothic Bold Italic
FileLength:139084
%EndFont

%BeginFont
Handler:WinTTHandler
FontType:TrueType
FontName:CenturyGothic-Italic
FamilyName:Century Gothic
StyleName:Italic
WeightClass:400
WidthClass:5
AngleClass:1
FullName:Century Gothic Italic
WritingScript:Roman
WinName:Century Gothic Italic
FileLength:148520
%EndFont

%BeginFont
Handler:WinTTHandler
FontType:TrueType
FontName:Garamond
FamilyName:Garamond
StyleName:Regular
WeightClass:400
WidthClass:5
AngleClass:0
FullName:Garamond
WritingScript:Roman
WinName:Garamond
FileLength:196588
%EndFont

%BeginFont
Handler:WinTTHandler
FontType:TrueType
FontName:Garamond-Bold
FamilyName:Garamond
StyleName:Bold
WeightClass:700
WidthClass:5
AngleClass:0
FullName:Garamond Bold
WritingScript:Roman
WinName:Garamond Bold
FileLength:198540
%EndFont

%BeginFont
Handler:WinTTHandler
FontType:TrueType
FontName:Garamond-Italic
FamilyName:Garamond
StyleName:Italic
WeightClass:400
WidthClass:5
AngleClass:1
FullName:Garamond Italic
WritingScript:Roman
WinName:Garamond Italic
FileLength:188916
%EndFont

%BeginFont
Handler:WinTTHandler
FontType:TrueType
FontName:Haettenschweiler
FamilyName:Haettenschweiler
StyleName:Regular
WeightClass:500
WidthClass:5
AngleClass:0
FullName:Haettenschweiler
WritingScript:Roman
WinName:Haettenschweiler
FileLength:101592
%EndFont

%BeginFont
Handler:WinTTHandler
FontType:TrueType
FontName:Latha
FamilyName:Latha
StyleName:Regular
WeightClass:400
WidthClass:5
AngleClass:0
FullName:Latha
WritingScript:Roman
WinName:Latha
FileLength:72384
%EndFont

%BeginFont
Handler:WinTTHandler
FontType:TrueType
FontName:MS-Mincho
FamilyName:MS Mincho
StyleName:Regular
WeightClass:400
WidthClass:5
AngleClass:0
FullName:MS Mincho
FamilyNameNative:ÇlÇr ñæí©
StyleNameNative:ïWèÄ
FullNameNative:ÇlÇr ñæí©
WritingScript:Japanese
WinName:MS Mincho
FileLength:9081312
%EndFont

%BeginFont
Handler:WinTTHandler
FontType:TrueType
FontName:MSOutlook
FamilyName:MS Outlook
StyleName:Regular
WeightClass:400
WidthClass:5
AngleClass:0
FullName:MS Outlook
WritingScript:Roman
WinName:MS Outlook
FileLength:10028
%EndFont

%BeginFont
Handler:WinTTHandler
FontType:TrueType
FontName:Mangal
FamilyName:Mangal
StyleName:Regular
WeightClass:400
WidthClass:5
AngleClass:0
FullName:Mangal
FamilyNameNative:Mangal
StyleNameNative:Regular
FullNameNative:Mangal
WritingScript:Devanagari
WinName:Mangal
FileLength:144744
%EndFont

%BeginFont
Handler:WinTTHandler
FontType:TrueType
FontName:MonotypeCorsiva
FamilyName:Monotype Corsiva
StyleName:Regular
WeightClass:400
WidthClass:5
AngleClass:1
FullName:Monotype Corsiva
WritingScript:Roman
WinName:Monotype Corsiva
FileLength:157360
%EndFont

%BeginFont
Handler:WinTTHandler
FontType:TrueType
FontName:SimSun
FamilyName:SimSun
StyleName:Regular
WeightClass:400
WidthClass:5
AngleClass:0
FullName:SimSun
FamilyNameNative:ÀŒÃÂ
StyleNameNative:Regular
FullNameNative:ÀŒÃÂ
WritingScript:SimplifiedChinese
WinName:SimSun
FileLength:10499104
%EndFont

%BeginFont
Handler:WinTTHandler
FontType:TrueType
FontName:Sylfaen
FamilyName:Sylfaen
StyleName:Regular
WeightClass:400
WidthClass:5
AngleClass:0
FullName:Sylfaen
WritingScript:Roman
WinName:Sylfaen
FileLength:221676
%EndFont

%BeginFont
Handler:WinTTHandler
FontType:TrueType
FontName:EstrangeloEdessa
FamilyName:Estrangelo Edessa
StyleName:Regular
WeightClass:400
WidthClass:5
AngleClass:0
FullName:Estrangelo Edessa
WritingScript:Roman
WinName:Estrangelo Edessa
FileLength:67796
%EndFont

%BeginFont
Handler:WinTTHandler
FontType:TrueType
FontName:Wingdings2
FamilyName:Wingdings 2
StyleName:Regular
WeightClass:400
WidthClass:5
AngleClass:0
FullName:Wingdings 2
WritingScript:Roman
WinName:Wingdings 2
FileLength:59696
%EndFont

%BeginFont
Handler:WinTTHandler
FontType:TrueType
FontName:Wingdings3
FamilyName:Wingdings 3
StyleName:Regular
WeightClass:400
WidthClass:5
AngleClass:0
FullName:Wingdings 3
WritingScript:Roman
WinName:Wingdings 3
FileLength:29236
%EndFont

%BeginFont
Handler:WinTTHandler
FontType:TrueType
FontName:MT-Extra
FamilyName:MT Extra
StyleName:Regular
WeightClass:400
WidthClass:5
AngleClass:0
FullName:MT Extra
WritingScript:Roman
WinName:MT Extra
FileLength:7656
%EndFont

%BeginFont
Handler:WinTTHandler
FontType:TrueType
FontName:AgencyFB-Bold
FamilyName:Agency FB
StyleName:Bold
WeightClass:700
WidthClass:3
AngleClass:0
FullName:Agency FB Bold
WritingScript:Roman
WinName:Agency FB Bold
FileLength:59012
%EndFont

%BeginFont
Handler:WinTTHandler
FontType:TrueType
FontName:AgencyFB-Reg
FamilyName:Agency FB
StyleName:Regular
WeightClass:400
WidthClass:3
AngleClass:0
FullName:Agency FB
WritingScript:Roman
WinName:Agency FB
FileLength:57280
%EndFont

%BeginFont
Handler:WinTTHandler
FontType:TrueType
FontName:Algerian
FamilyName:Algerian
StyleName:Regular
WeightClass:400
WidthClass:2
AngleClass:0
FullName:Algerian
WritingScript:Roman
WinName:Algerian
FileLength:75272
%EndFont

%BeginFont
Handler:WinTTHandler
FontType:TrueType
FontName:ArialRoundedMTBold
FamilyName:Arial Rounded MT Bold
StyleName:Regular
WeightClass:400
WidthClass:5
AngleClass:0
FullName:Arial Rounded MT Bold
WritingScript:Roman
WinName:Arial Rounded MT Bold
FileLength:45260
%EndFont

%BeginFont
Handler:WinTTHandler
FontType:TrueType
FontName:BaskOldFace
FamilyName:Baskerville Old Face
StyleName:Regular
WeightClass:400
WidthClass:5
AngleClass:0
FullName:Baskerville Old Face
WritingScript:Roman
WinName:Baskerville Old Face
FileLength:54976
%EndFont

%BeginFont
Handler:WinTTHandler
FontType:TrueType
FontName:Bauhaus93
FamilyName:Bauhaus 93
StyleName:Regular
WeightClass:400
WidthClass:5
AngleClass:0
FullName:Bauhaus 93
WritingScript:Roman
WinName:Bauhaus 93
FileLength:46176
%EndFont

%BeginFont
Handler:WinTTHandler
FontType:TrueType
FontName:BellMT
FamilyName:Bell MT
StyleName:Regular
WeightClass:400
WidthClass:5
AngleClass:0
FullName:Bell MT
WritingScript:Roman
WinName:Bell MT
FileLength:84840
%EndFont

%BeginFont
Handler:WinTTHandler
FontType:TrueType
FontName:BellMTBold
FamilyName:Bell MT
StyleName:Bold
WeightClass:700
WidthClass:5
AngleClass:0
FullName:Bell MT Bold
WritingScript:Roman
WinName:Bell MT Bold
FileLength:82580
%EndFont

%BeginFont
Handler:WinTTHandler
FontType:TrueType
FontName:BellMTItalic
FamilyName:Bell MT
StyleName:Italic
WeightClass:400
WidthClass:5
AngleClass:1
FullName:Bell MT Italic
WritingScript:Roman
WinName:Bell MT Italic
FileLength:82192
%EndFont

%BeginFont
Handler:WinTTHandler
FontType:TrueType
FontName:BerlinSansFB-Bold
FamilyName:Berlin Sans FB
StyleName:Bold
WeightClass:700
WidthClass:5
AngleClass:0
FullName:Berlin Sans FB Bold
WritingScript:Roman
WinName:Berlin Sans FB Bold
FileLength:96880
%EndFont

%BeginFont
Handler:WinTTHandler
FontType:TrueType
FontName:BerlinSansFB-Reg
FamilyName:Berlin Sans FB
StyleName:Regular
WeightClass:400
WidthClass:5
AngleClass:0
FullName:Berlin Sans FB
WritingScript:Roman
WinName:Berlin Sans FB
FileLength:97284
%EndFont

%BeginFont
Handler:WinTTHandler
FontType:TrueType
FontName:BernardMT-Condensed
FamilyName:Bernard MT Condensed
StyleName:Regular
WeightClass:400
WidthClass:3
AngleClass:0
FullName:Bernard MT Condensed
WritingScript:Roman
WinName:Bernard MT Condensed
FileLength:70656
%EndFont

%BeginFont
Handler:WinTTHandler
FontType:TrueType
FontName:BlackadderITC-Regular
FamilyName:Blackadder ITC
StyleName:Regular
WeightClass:400
WidthClass:5
AngleClass:0
FullName:Blackadder ITC
WritingScript:Roman
WinName:Blackadder ITC
FileLength:132372
%EndFont

%BeginFont
Handler:WinTTHandler
FontType:TrueType
FontName:BodoniMT
FamilyName:Bodoni MT
StyleName:Regular
WeightClass:400
WidthClass:5
AngleClass:0
FullName:Bodoni MT
WritingScript:Roman
WinName:Bodoni MT
FileLength:66620
%EndFont

%BeginFont
Handler:WinTTHandler
FontType:TrueType
FontName:BodoniMT-Bold
FamilyName:Bodoni MT
StyleName:Bold
WeightClass:700
WidthClass:5
AngleClass:0
FullName:Bodoni MT Bold
WritingScript:Roman
WinName:Bodoni MT Bold
FileLength:63904
%EndFont

%BeginFont
Handler:WinTTHandler
FontType:TrueType
FontName:BodoniMT-BoldItalic
FamilyName:Bodoni MT
StyleName:Bold Italic
WeightClass:700
WidthClass:5
AngleClass:1
FullName:Bodoni MT Bold Italic
WritingScript:Roman
WinName:Bodoni MT Bold Italic
FileLength:71588
%EndFont

%BeginFont
Handler:WinTTHandler
FontType:TrueType
FontName:BodoniMT-Italic
FamilyName:Bodoni MT
StyleName:Italic
WeightClass:400
WidthClass:5
AngleClass:1
FullName:Bodoni MT Italic
WritingScript:Roman
WinName:Bodoni MT Italic
FileLength:78228
%EndFont

%BeginFont
Handler:WinTTHandler
FontType:TrueType
FontName:BodoniMTBlack
FamilyName:Bodoni MT Black
StyleName:Regular
WeightClass:400
WidthClass:5
AngleClass:0
FullName:Bodoni MT Black
WritingScript:Roman
WinName:Bodoni MT Black
FileLength:63368
%EndFont

%BeginFont
Handler:WinTTHandler
FontType:TrueType
FontName:BodoniMTBlack-Italic
FamilyName:Bodoni MT Black
StyleName:Italic
WeightClass:400
WidthClass:5
AngleClass:1
FullName:Bodoni MT Black Italic
WritingScript:Roman
WinName:Bodoni MT Black Italic
FileLength:71304
%EndFont

%BeginFont
Handler:WinTTHandler
FontType:TrueType
FontName:BodoniMTCondensed
FamilyName:Bodoni MT Condensed
StyleName:Regular
WeightClass:400
WidthClass:3
AngleClass:0
FullName:Bodoni MT Condensed
WritingScript:Roman
WinName:Bodoni MT Condensed
FileLength:67268
%EndFont

%BeginFont
Handler:WinTTHandler
FontType:TrueType
FontName:BodoniMTCondensed-Bold
FamilyName:Bodoni MT Condensed
StyleName:Bold
WeightClass:700
WidthClass:3
AngleClass:0
FullName:Bodoni MT Condensed Bold
WritingScript:Roman
WinName:Bodoni MT Condensed Bold
FileLength:63316
%EndFont

%BeginFont
Handler:WinTTHandler
FontType:TrueType
FontName:BodoniMTCondensed-BoldItalic
FamilyName:Bodoni MT Condensed
StyleName:Bold Italic
WeightClass:700
WidthClass:3
AngleClass:1
FullName:Bodoni MT Condensed Bold Italic
WritingScript:Roman
WinName:Bodoni MT Condensed Bold Italic
FileLength:51232
%EndFont

%BeginFont
Handler:WinTTHandler
FontType:TrueType
FontName:BodoniMTCondensed-Italic
FamilyName:Bodoni MT Condensed
StyleName:Italic
WeightClass:400
WidthClass:3
AngleClass:1
FullName:Bodoni MT Condensed Italic
WritingScript:Roman
WinName:Bodoni MT Condensed Italic
FileLength:66548
%EndFont

%BeginFont
Handler:WinTTHandler
FontType:TrueType
FontName:BodoniMTPosterCompressed
FamilyName:Bodoni MT Poster Compressed
StyleName:Regular
WeightClass:400
WidthClass:3
AngleClass:0
FullName:Bodoni MT Poster Compressed
WritingScript:Roman
WinName:Bodoni MT Poster Compressed
FileLength:79852
%EndFont

%BeginFont
Handler:WinTTHandler
FontType:TrueType
FontName:BradleyHandITC
FamilyName:Bradley Hand ITC
StyleName:Regular
WeightClass:400
WidthClass:5
AngleClass:0
FullName:Bradley Hand ITC
WritingScript:Roman
WinName:Bradley Hand ITC
FileLength:105296
%EndFont

%BeginFont
Handler:WinTTHandler
FontType:TrueType
FontName:BritannicBold
FamilyName:Britannic Bold
StyleName:Regular
WeightClass:400
WidthClass:5
AngleClass:0
FullName:Britannic Bold
WritingScript:Roman
WinName:Britannic Bold
FileLength:40728
%EndFont

%BeginFont
Handler:WinTTHandler
FontType:TrueType
FontName:Broadway
FamilyName:Broadway
StyleName:Regular
WeightClass:400
WidthClass:5
AngleClass:0
FullName:Broadway
WritingScript:Roman
WinName:Broadway
FileLength:53328
%EndFont

%BeginFont
Handler:WinTTHandler
FontType:TrueType
FontName:BrushScriptMT
FamilyName:Brush Script MT
StyleName:Italic
WeightClass:400
WidthClass:5
AngleClass:1
FullName:Brush Script MT Italic
WritingScript:Roman
WinName:Brush Script MT Italic
FileLength:53456
%EndFont

%BeginFont
Handler:WinTTHandler
FontType:TrueType
FontName:CalifornianFB-Reg
FamilyName:Californian FB
StyleName:Regular
WeightClass:400
WidthClass:5
AngleClass:0
FullName:Californian FB
WritingScript:Roman
WinName:Californian FB
FileLength:105300
%EndFont

%BeginFont
Handler:WinTTHandler
FontType:TrueType
FontName:CalifornianFB-Bold
FamilyName:Californian FB
StyleName:Bold
WeightClass:700
WidthClass:5
AngleClass:0
FullName:Californian FB Bold
WritingScript:Roman
WinName:Californian FB Bold
FileLength:80620
%EndFont

%BeginFont
Handler:WinTTHandler
FontType:TrueType
FontName:CalifornianFB-Italic
FamilyName:Californian FB
StyleName:Italic
WeightClass:400
WidthClass:5
AngleClass:1
FullName:Californian FB Italic
WritingScript:Roman
WinName:Californian FB Italic
FileLength:98748
%EndFont

%BeginFont
Handler:WinTTHandler
FontType:TrueType
FontName:CalistoMT
FamilyName:Calisto MT
StyleName:Regular
WeightClass:400
WidthClass:5
AngleClass:0
FullName:Calisto MT
WritingScript:Roman
WinName:Calisto MT
FileLength:80148
%EndFont

%BeginFont
Handler:WinTTHandler
FontType:TrueType
FontName:CalisMTBol
FamilyName:Calisto MT
StyleName:Bold
WeightClass:700
WidthClass:5
AngleClass:0
FullName:Calisto MT Bold
WritingScript:Roman
WinName:Calisto MT Bold
FileLength:85080
%EndFont

%BeginFont
Handler:WinTTHandler
FontType:TrueType
FontName:CalistoMT-BoldItalic
FamilyName:Calisto MT
StyleName:Bold Italic
WeightClass:700
WidthClass:5
AngleClass:1
FullName:Calisto MT Bold Italic
WritingScript:Roman
WinName:Calisto MT Bold Italic
FileLength:84960
%EndFont

%BeginFont
Handler:WinTTHandler
FontType:TrueType
FontName:CalistoMT-Italic
FamilyName:Calisto MT
StyleName:Italic
WeightClass:400
WidthClass:5
AngleClass:1
FullName:Calisto MT Italic
WritingScript:Roman
WinName:Calisto MT Italic
FileLength:59372
%EndFont

%BeginFont
Handler:WinTTHandler
FontType:TrueType
FontName:Castellar
FamilyName:Castellar
StyleName:Regular
WeightClass:400
WidthClass:5
AngleClass:0
FullName:Castellar
WritingScript:Roman
WinName:Castellar
FileLength:48252
%EndFont

%BeginFont
Handler:WinTTHandler
FontType:TrueType
FontName:Centaur
FamilyName:Centaur
StyleName:Regular
WeightClass:400
WidthClass:5
AngleClass:0
FullName:Centaur
WritingScript:Roman
WinName:Centaur
FileLength:82760
%EndFont

%BeginFont
Handler:WinTTHandler
FontType:TrueType
FontName:CenturySchoolbook
FamilyName:Century Schoolbook
StyleName:Regular
WeightClass:400
WidthClass:5
AngleClass:0
FullName:Century Schoolbook
WritingScript:Roman
WinName:Century Schoolbook
FileLength:152584
%EndFont

%BeginFont
Handler:WinTTHandler
FontType:TrueType
FontName:CenturySchoolbook-Bold
FamilyName:Century Schoolbook
StyleName:Bold
WeightClass:700
WidthClass:5
AngleClass:0
FullName:Century Schoolbook Bold
WritingScript:Roman
WinName:Century Schoolbook Bold
FileLength:157640
%EndFont

%BeginFont
Handler:WinTTHandler
FontType:TrueType
FontName:CenturySchoolbook-BoldItalic
FamilyName:Century Schoolbook
StyleName:Bold Italic
WeightClass:700
WidthClass:5
AngleClass:1
FullName:Century Schoolbook Bold Italic
WritingScript:Roman
WinName:Century Schoolbook Bold Italic
FileLength:149540
%EndFont

%BeginFont
Handler:WinTTHandler
FontType:TrueType
FontName:CenturySchoolbook-Italic
FamilyName:Century Schoolbook
StyleName:Italic
WeightClass:400
WidthClass:5
AngleClass:1
FullName:Century Schoolbook Italic
WritingScript:Roman
WinName:Century Schoolbook Italic
FileLength:152116
%EndFont

%BeginFont
Handler:WinTTHandler
FontType:TrueType
FontName:Chiller-Regular
FamilyName:Chiller
StyleName:Regular
WeightClass:400
WidthClass:6
AngleClass:0
FullName:Chiller
WritingScript:Roman
WinName:Chiller
FileLength:96452
%EndFont

%BeginFont
Handler:WinTTHandler
FontType:TrueType
FontName:ColonnaMT
FamilyName:Colonna MT
StyleName:Regular
WeightClass:400
WidthClass:5
AngleClass:0
FullName:Colonna MT
WritingScript:Roman
WinName:Colonna MT
FileLength:54952
%EndFont

%BeginFont
Handler:WinTTHandler
FontType:TrueType
FontName:CooperBlack
FamilyName:Cooper Black
StyleName:Regular
WeightClass:400
WidthClass:5
AngleClass:0
FullName:Cooper Black
WritingScript:Roman
WinName:Cooper Black
FileLength:80388
%EndFont

%BeginFont
Handler:WinTTHandler
FontType:TrueType
FontName:CopperplateGothic-Bold
FamilyName:Copperplate Gothic Bold
StyleName:Regular
WeightClass:700
WidthClass:5
AngleClass:0
FullName:Copperplate Gothic Bold
WritingScript:Roman
WinName:Copperplate Gothic Bold
FileLength:56104
%EndFont

%BeginFont
Handler:WinTTHandler
FontType:TrueType
FontName:CopperplateGothic-Light
FamilyName:Copperplate Gothic Light
StyleName:Regular
WeightClass:300
WidthClass:5
AngleClass:0
FullName:Copperplate Gothic Light
WritingScript:Roman
WinName:Copperplate Gothic Light
FileLength:57232
%EndFont

%BeginFont
Handler:WinTTHandler
FontType:TrueType
FontName:CurlzMT
FamilyName:Curlz MT
StyleName:Regular
WeightClass:400
WidthClass:5
AngleClass:0
FullName:Curlz MT
WritingScript:Roman
WinName:Curlz MT
FileLength:71168
%EndFont

%BeginFont
Handler:WinTTHandler
FontType:TrueType
FontName:EdwardianScriptITC
FamilyName:Edwardian Script ITC
StyleName:Regular
WeightClass:400
WidthClass:6
AngleClass:0
FullName:Edwardian Script ITC
WritingScript:Roman
WinName:Edwardian Script ITC
FileLength:64056
%EndFont

%BeginFont
Handler:WinTTHandler
FontType:TrueType
FontName:Elephant-Regular
FamilyName:Elephant
StyleName:Regular
WeightClass:400
WidthClass:5
AngleClass:0
FullName:Elephant
WritingScript:Roman
WinName:Elephant
FileLength:51652
%EndFont

%BeginFont
Handler:WinTTHandler
FontType:TrueType
FontName:Elephant-Italic
FamilyName:Elephant
StyleName:Italic
WeightClass:400
WidthClass:5
AngleClass:1
FullName:Elephant Italic
WritingScript:Roman
WinName:Elephant Italic
FileLength:54324
%EndFont

%BeginFont
Handler:WinTTHandler
FontType:TrueType
FontName:EngraversMT
FamilyName:Engravers MT
StyleName:Regular
WeightClass:500
WidthClass:7
AngleClass:0
FullName:Engravers MT
WritingScript:Roman
WinName:Engravers MT
FileLength:49768
%EndFont

%BeginFont
Handler:WinTTHandler
FontType:TrueType
FontName:ErasITC-Bold
FamilyName:Eras Bold ITC
StyleName:Regular
WeightClass:400
WidthClass:5
AngleClass:0
FullName:Eras Bold ITC
WritingScript:Roman
WinName:Eras Bold ITC
FileLength:57508
%EndFont

%BeginFont
Handler:WinTTHandler
FontType:TrueType
FontName:ErasITC-Demi
FamilyName:Eras Demi ITC
StyleName:Regular
WeightClass:400
WidthClass:5
AngleClass:0
FullName:Eras Demi ITC
WritingScript:Roman
WinName:Eras Demi ITC
FileLength:59996
%EndFont

%BeginFont
Handler:WinTTHandler
FontType:TrueType
FontName:ErasITC-Light
FamilyName:Eras Light ITC
StyleName:Regular
WeightClass:400
WidthClass:5
AngleClass:0
FullName:Eras Light ITC
WritingScript:Roman
WinName:Eras Light ITC
FileLength:68656
%EndFont

%BeginFont
Handler:WinTTHandler
FontType:TrueType
FontName:ErasITC-Medium
FamilyName:Eras Medium ITC
StyleName:Regular
WeightClass:400
WidthClass:5
AngleClass:0
FullName:Eras Medium ITC
WritingScript:Roman
WinName:Eras Medium ITC
FileLength:54700
%EndFont

%BeginFont
Handler:WinTTHandler
FontType:TrueType
FontName:FelixTitlingMT
FamilyName:Felix Titling
StyleName:Regular
WeightClass:400
WidthClass:5
AngleClass:0
FullName:Felix Titling
WritingScript:Roman
WinName:Felix Titling
FileLength:39492
%EndFont

%BeginFont
Handler:WinTTHandler
FontType:TrueType
FontName:FootlightMTLight
FamilyName:Footlight MT Light
StyleName:Regular
WeightClass:300
WidthClass:5
AngleClass:0
FullName:Footlight MT Light
WritingScript:Roman
WinName:Footlight MT Light
FileLength:83580
%EndFont

%BeginFont
Handler:WinTTHandler
FontType:TrueType
FontName:ForteMT
FamilyName:Forte
StyleName:Regular
WeightClass:400
WidthClass:5
AngleClass:1
FullName:Forte
WritingScript:Roman
WinName:Forte
FileLength:54216
%EndFont

%BeginFont
Handler:WinTTHandler
FontType:TrueType
FontName:FranklinGothic-Book
FamilyName:Franklin Gothic Book
StyleName:Regular
WeightClass:400
WidthClass:5
AngleClass:0
FullName:Franklin Gothic Book
WritingScript:Roman
WinName:Franklin Gothic Book
FileLength:142384
%EndFont

%BeginFont
Handler:WinTTHandler
FontType:TrueType
FontName:FranklinGothic-BookItalic
FamilyName:Franklin Gothic Book
StyleName:Italic
WeightClass:400
WidthClass:5
AngleClass:1
FullName:Franklin Gothic Book Italic
WritingScript:Roman
WinName:Franklin Gothic Book Italic
FileLength:161124
%EndFont

%BeginFont
Handler:WinTTHandler
FontType:TrueType
FontName:FranklinGothic-Demi
FamilyName:Franklin Gothic Demi
StyleName:Regular
WeightClass:400
WidthClass:5
AngleClass:0
FullName:Franklin Gothic Demi
WritingScript:Roman
WinName:Franklin Gothic Demi
FileLength:134856
%EndFont

%BeginFont
Handler:WinTTHandler
FontType:TrueType
FontName:FranklinGothic-DemiItalic
FamilyName:Franklin Gothic Demi
StyleName:Italic
WeightClass:400
WidthClass:5
AngleClass:1
FullName:Franklin Gothic Demi Italic
WritingScript:Roman
WinName:Franklin Gothic Demi Italic
FileLength:127856
%EndFont

%BeginFont
Handler:WinTTHandler
FontType:TrueType
FontName:FranklinGothic-DemiCond
FamilyName:Franklin Gothic Demi Cond
StyleName:Regular
WeightClass:400
WidthClass:3
AngleClass:0
FullName:Franklin Gothic Demi Cond
WritingScript:Roman
WinName:Franklin Gothic Demi Cond
FileLength:108780
%EndFont

%BeginFont
Handler:WinTTHandler
FontType:TrueType
FontName:FranklinGothic-Heavy
FamilyName:Franklin Gothic Heavy
StyleName:Regular
WeightClass:400
WidthClass:5
AngleClass:0
FullName:Franklin Gothic Heavy
WritingScript:Roman
WinName:Franklin Gothic Heavy
FileLength:131336
%EndFont

%BeginFont
Handler:WinTTHandler
FontType:TrueType
FontName:FranklinGothic-HeavyItalic
FamilyName:Franklin Gothic Heavy
StyleName:Italic
WeightClass:400
WidthClass:5
AngleClass:1
FullName:Franklin Gothic Heavy Italic
WritingScript:Roman
WinName:Franklin Gothic Heavy Italic
FileLength:144448
%EndFont

%BeginFont
Handler:WinTTHandler
FontType:TrueType
FontName:FranklinGothic-Medium
FamilyName:Franklin Gothic Medium
StyleName:Regular
WeightClass:400
WidthClass:5
AngleClass:0
FullName:Franklin Gothic Medium
WritingScript:Roman
WinName:Franklin Gothic Medium
FileLength:123888
%EndFont

%BeginFont
Handler:WinTTHandler
FontType:TrueType
FontName:FranklinGothic-MediumItalic
FamilyName:Franklin Gothic Medium
StyleName:Italic
WeightClass:400
WidthClass:5
AngleClass:1
FullName:Franklin Gothic Medium Italic
WritingScript:Roman
WinName:Franklin Gothic Medium Italic
FileLength:142096
%EndFont

%BeginFont
Handler:WinTTHandler
FontType:TrueType
FontName:FranklinGothic-MediumCond
FamilyName:Franklin Gothic Medium Cond
StyleName:Regular
WeightClass:400
WidthClass:3
AngleClass:0
FullName:Franklin Gothic Medium Cond
WritingScript:Roman
WinName:Franklin Gothic Medium Cond
FileLength:122964
%EndFont

%BeginFont
Handler:WinTTHandler
FontType:TrueType
FontName:FreestyleScript-Regular
FamilyName:Freestyle Script
StyleName:Regular
WeightClass:400
WidthClass:5
AngleClass:0
FullName:Freestyle Script
WritingScript:Roman
WinName:Freestyle Script
FileLength:69876
%EndFont

%BeginFont
Handler:WinTTHandler
FontType:TrueType
FontName:FrenchScriptMT
FamilyName:French Script MT
StyleName:Regular
WeightClass:400
WidthClass:5
AngleClass:0
FullName:French Script MT
WritingScript:Roman
WinName:French Script MT
FileLength:51924
%EndFont

%BeginFont
Handler:WinTTHandler
FontType:TrueType
FontName:Gigi-Regular
FamilyName:Gigi
StyleName:Regular
WeightClass:400
WidthClass:5
AngleClass:0
FullName:Gigi
WritingScript:Roman
WinName:Gigi
FileLength:142072
%EndFont

%BeginFont
Handler:WinTTHandler
FontType:TrueType
FontName:GillSansMT-ExtraCondensedBold
FamilyName:Gill Sans MT Ext Condensed Bold
StyleName:Regular
WeightClass:400
WidthClass:2
AngleClass:0
FullName:Gill Sans MT Ext Condensed Bold
WritingScript:Roman
WinName:Gill Sans MT Ext Condensed Bold
FileLength:79012
%EndFont

%BeginFont
Handler:WinTTHandler
FontType:TrueType
FontName:GillSansMT
FamilyName:Gill Sans MT
StyleName:Regular
WeightClass:400
WidthClass:5
AngleClass:0
FullName:Gill Sans MT
WritingScript:Roman
WinName:Gill Sans MT
FileLength:60160
%EndFont

%BeginFont
Handler:WinTTHandler
FontType:TrueType
FontName:GillSansMT-BoldItalic
FamilyName:Gill Sans MT
StyleName:Bold Italic
WeightClass:700
WidthClass:5
AngleClass:1
FullName:Gill Sans MT Bold Italic
WritingScript:Roman
WinName:Gill Sans MT Bold Italic
FileLength:64308
%EndFont

%BeginFont
Handler:WinTTHandler
FontType:TrueType
FontName:GillSansMT-Bold
FamilyName:Gill Sans MT
StyleName:Bold
WeightClass:700
WidthClass:5
AngleClass:0
FullName:Gill Sans MT Bold
WritingScript:Roman
WinName:Gill Sans MT Bold
FileLength:60952
%EndFont

%BeginFont
Handler:WinTTHandler
FontType:TrueType
FontName:GillSansMT-Italic
FamilyName:Gill Sans MT
StyleName:Italic
WeightClass:400
WidthClass:5
AngleClass:1
FullName:Gill Sans MT Italic
WritingScript:Roman
WinName:Gill Sans MT Italic
FileLength:62224
%EndFont

%BeginFont
Handler:WinTTHandler
FontType:TrueType
FontName:GillSansMT-Condensed
FamilyName:Gill Sans MT Condensed
StyleName:Regular
WeightClass:400
WidthClass:3
AngleClass:0
FullName:Gill Sans MT Condensed
WritingScript:Roman
WinName:Gill Sans MT Condensed
FileLength:54672
%EndFont

%BeginFont
Handler:WinTTHandler
FontType:TrueType
FontName:GillSans-UltraBold
FamilyName:Gill Sans Ultra Bold
StyleName:Regular
WeightClass:400
WidthClass:5
AngleClass:0
FullName:Gill Sans Ultra Bold
WritingScript:Roman
WinName:Gill Sans Ultra Bold
FileLength:65764
%EndFont

%BeginFont
Handler:WinTTHandler
FontType:TrueType
FontName:GillSans-UltraBoldCondensed
FamilyName:Gill Sans Ultra Bold Condensed
StyleName:Regular
WeightClass:400
WidthClass:3
AngleClass:0
FullName:Gill Sans Ultra Bold Condensed
WritingScript:Roman
WinName:Gill Sans Ultra Bold Condensed
FileLength:66820
%EndFont

%BeginFont
Handler:WinTTHandler
FontType:TrueType
FontName:GloucesterMT-ExtraCondensed
FamilyName:Gloucester MT Extra Condensed
StyleName:Regular
WeightClass:400
WidthClass:2
AngleClass:0
FullName:Gloucester MT Extra Condensed
WritingScript:Roman
WinName:Gloucester MT Extra Condensed
FileLength:68012
%EndFont

%BeginFont
Handler:WinTTHandler
FontType:TrueType
FontName:GoudyOldStyleT-Regular
FamilyName:Goudy Old Style
StyleName:Regular
WeightClass:300
WidthClass:6
AngleClass:0
FullName:Goudy Old Style
WritingScript:Roman
WinName:Goudy Old Style
FileLength:75924
%EndFont

%BeginFont
Handler:WinTTHandler
FontType:TrueType
FontName:GoudyOldStyleT-Bold
FamilyName:Goudy Old Style
StyleName:Bold
WeightClass:600
WidthClass:6
AngleClass:0
FullName:Goudy Old Style Bold
WritingScript:Roman
WinName:Goudy Old Style Bold
FileLength:76052
%EndFont

%BeginFont
Handler:WinTTHandler
FontType:TrueType
FontName:GoudyOldStyleT-Italic
FamilyName:Goudy Old Style
StyleName:Italic
WeightClass:300
WidthClass:5
AngleClass:1
FullName:Goudy Old Style Italic
WritingScript:Roman
WinName:Goudy Old Style Italic
FileLength:73640
%EndFont

%BeginFont
Handler:WinTTHandler
FontType:TrueType
FontName:GoudyStout
FamilyName:Goudy Stout
StyleName:Regular
WeightClass:400
WidthClass:5
AngleClass:0
FullName:Goudy Stout
WritingScript:Roman
WinName:Goudy Stout
FileLength:48356
%EndFont

%BeginFont
Handler:WinTTHandler
FontType:TrueType
FontName:HarlowSolid
FamilyName:Harlow Solid Italic
StyleName:Italic
WeightClass:400
WidthClass:6
AngleClass:1
FullName:Harlow Solid Italic
WritingScript:Roman
WinName:Harlow Solid Italic
FileLength:55060
%EndFont

%BeginFont
Handler:WinTTHandler
FontType:TrueType
FontName:Harrington
FamilyName:Harrington
StyleName:Regular
WeightClass:400
WidthClass:5
AngleClass:0
FullName:Harrington
WritingScript:Roman
WinName:Harrington
FileLength:70440
%EndFont

%BeginFont
Handler:WinTTHandler
FontType:TrueType
FontName:HighTowerText-Reg
FamilyName:High Tower Text
StyleName:Regular
WeightClass:400
WidthClass:5
AngleClass:0
FullName:High Tower Text
WritingScript:Roman
WinName:High Tower Text
FileLength:92736
%EndFont

%BeginFont
Handler:WinTTHandler
FontType:TrueType
FontName:HighTowerText-Italic
FamilyName:High Tower Text
StyleName:Italic
WeightClass:400
WidthClass:5
AngleClass:1
FullName:High Tower Text Italic
WritingScript:Roman
WinName:High Tower Text Italic
FileLength:74712
%EndFont

%BeginFont
Handler:WinTTHandler
FontType:TrueType
FontName:ImprintMT-Shadow
FamilyName:Imprint MT Shadow
StyleName:Regular
WeightClass:400
WidthClass:5
AngleClass:0
FullName:Imprint MT Shadow
WritingScript:Roman
WinName:Imprint MT Shadow
FileLength:60488
%EndFont

%BeginFont
Handler:WinTTHandler
FontType:TrueType
FontName:Jokerman-Regular
FamilyName:Jokerman
StyleName:Regular
WeightClass:400
WidthClass:5
AngleClass:0
FullName:Jokerman
WritingScript:Roman
WinName:Jokerman
FileLength:69752
%EndFont

%BeginFont
Handler:WinTTHandler
FontType:TrueType
FontName:JuiceITC-Regular
FamilyName:Juice ITC
StyleName:Regular
WeightClass:400
WidthClass:5
AngleClass:0
FullName:Juice ITC
WritingScript:Roman
WinName:Juice ITC
FileLength:62884
%EndFont

%BeginFont
Handler:WinTTHandler
FontType:TrueType
FontName:KristenITC-Regular
FamilyName:Kristen ITC
StyleName:Regular
WeightClass:400
WidthClass:6
AngleClass:0
FullName:Kristen ITC
WritingScript:Roman
WinName:Kristen ITC
FileLength:59712
%EndFont

%BeginFont
Handler:WinTTHandler
FontType:TrueType
FontName:KunstlerScript
FamilyName:Kunstler Script
StyleName:Regular
WeightClass:400
WidthClass:5
AngleClass:0
FullName:Kunstler Script
WritingScript:Roman
WinName:Kunstler Script
FileLength:63392
%EndFont

%BeginFont
Handler:WinTTHandler
FontType:TrueType
FontName:LucidaBright
FamilyName:Lucida Bright
StyleName:Regular
WeightClass:400
WidthClass:5
AngleClass:0
FullName:Lucida Bright
WritingScript:Roman
WinName:Lucida Bright
FileLength:70748
%EndFont

%BeginFont
Handler:WinTTHandler
FontType:TrueType
FontName:LucidaBright-Demi
FamilyName:Lucida Bright
StyleName:Demibold
WeightClass:600
WidthClass:5
AngleClass:0
FullName:Lucida Bright Demibold
WritingScript:Roman
WinName:Lucida Bright Demibold
FileLength:66724
%EndFont

%BeginFont
Handler:WinTTHandler
FontType:TrueType
FontName:LucidaBright-DemiItalic
FamilyName:Lucida Bright
StyleName:Demibold Italic
WeightClass:600
WidthClass:5
AngleClass:1
FullName:Lucida Bright Demibold Italic
WritingScript:Roman
WinName:Lucida Bright Demibold Italic
FileLength:71456
%EndFont

%BeginFont
Handler:WinTTHandler
FontType:TrueType
FontName:LucidaBright-Italic
FamilyName:Lucida Bright
StyleName:Italic
WeightClass:400
WidthClass:5
AngleClass:1
FullName:Lucida Bright Italic
WritingScript:Roman
WinName:Lucida Bright Italic
FileLength:71000
%EndFont

%BeginFont
Handler:WinTTHandler
FontType:TrueType
FontName:LucidaCalligraphy-Italic
FamilyName:Lucida Calligraphy
StyleName:Italic
WeightClass:400
WidthClass:5
AngleClass:1
FullName:Lucida Calligraphy Italic
WritingScript:Roman
WinName:Lucida Calligraphy Italic
FileLength:55464
%EndFont

%BeginFont
Handler:WinTTHandler
FontType:TrueType
FontName:LucidaFax
FamilyName:Lucida Fax
StyleName:Regular
WeightClass:400
WidthClass:5
AngleClass:0
FullName:Lucida Fax Regular
WritingScript:Roman
WinName:Lucida Fax Regular
FileLength:61912
%EndFont

%BeginFont
Handler:WinTTHandler
FontType:TrueType
FontName:LucidaFax-Demi
FamilyName:Lucida Fax
StyleName:Demibold
WeightClass:600
WidthClass:5
AngleClass:0
FullName:Lucida Fax Demibold
WritingScript:Roman
WinName:Lucida Fax Demibold
FileLength:62100
%EndFont

%BeginFont
Handler:WinTTHandler
FontType:TrueType
FontName:LucidaFax-DemiItalic
FamilyName:Lucida Fax
StyleName:Demibold Italic
WeightClass:600
WidthClass:5
AngleClass:1
FullName:Lucida Fax Demibold Italic
WritingScript:Roman
WinName:Lucida Fax Demibold Italic
FileLength:71472
%EndFont

%BeginFont
Handler:WinTTHandler
FontType:TrueType
FontName:LucidaFax-Italic
FamilyName:Lucida Fax
StyleName:Italic
WeightClass:400
WidthClass:5
AngleClass:1
FullName:Lucida Fax Italic
WritingScript:Roman
WinName:Lucida Fax Italic
FileLength:67420
%EndFont

%BeginFont
Handler:WinTTHandler
FontType:TrueType
FontName:LucidaHandwriting-Italic
FamilyName:Lucida Handwriting
StyleName:Italic
WeightClass:400
WidthClass:5
AngleClass:1
FullName:Lucida Handwriting Italic
WritingScript:Roman
WinName:Lucida Handwriting Italic
FileLength:62484
%EndFont

%BeginFont
Handler:WinTTHandler
FontType:TrueType
FontName:LucidaSans
FamilyName:Lucida Sans
StyleName:Regular
WeightClass:400
WidthClass:5
AngleClass:0
FullName:Lucida Sans Regular
WritingScript:Roman
WinName:Lucida Sans Regular
FileLength:58748
%EndFont

%BeginFont
Handler:WinTTHandler
FontType:TrueType
FontName:LucidaSans-Demi
FamilyName:Lucida Sans
StyleName:Demibold Roman
WeightClass:600
WidthClass:5
AngleClass:0
FullName:Lucida Sans Demibold Roman
WritingScript:Roman
WinName:Lucida Sans Demibold Roman
FileLength:54328
%EndFont

%BeginFont
Handler:WinTTHandler
FontType:TrueType
FontName:LucidaSans-DemiItalic
FamilyName:Lucida Sans
StyleName:Demibold Italic
WeightClass:600
WidthClass:5
AngleClass:1
FullName:Lucida Sans Demibold Italic
WritingScript:Roman
WinName:Lucida Sans Demibold Italic
FileLength:60672
%EndFont

%BeginFont
Handler:WinTTHandler
FontType:TrueType
FontName:LucidaSans-Italic
FamilyName:Lucida Sans
StyleName:Italic
WeightClass:400
WidthClass:5
AngleClass:1
FullName:Lucida Sans Italic
WritingScript:Roman
WinName:Lucida Sans Italic
FileLength:59644
%EndFont

%BeginFont
Handler:WinTTHandler
FontType:TrueType
FontName:LucidaSans-Typewriter
FamilyName:Lucida Sans Typewriter
StyleName:Regular
WeightClass:400
WidthClass:4
AngleClass:0
FullName:Lucida Sans Typewriter Regular
WritingScript:Roman
WinName:Lucida Sans Typewriter Regular
FileLength:58816
%EndFont

%BeginFont
Handler:WinTTHandler
FontType:TrueType
FontName:LucidaSans-TypewriterBold
FamilyName:Lucida Sans Typewriter
StyleName:Bold
WeightClass:600
WidthClass:4
AngleClass:0
FullName:Lucida Sans Typewriter Bold
WritingScript:Roman
WinName:Lucida Sans Typewriter Bold
FileLength:47116
%EndFont

%BeginFont
Handler:WinTTHandler
FontType:TrueType
FontName:LucidaSans-TypewriterBoldOblique
FamilyName:Lucida Sans Typewriter
StyleName:Bold Oblique
WeightClass:600
WidthClass:4
AngleClass:1
FullName:Lucida Sans Typewriter Bold Oblique
WritingScript:Roman
WinName:Lucida Sans Typewriter Bold Oblique
FileLength:48872
%EndFont

%BeginFont
Handler:WinTTHandler
FontType:TrueType
FontName:LucidaSans-TypewriterOblique
FamilyName:Lucida Sans Typewriter
StyleName:Oblique
WeightClass:400
WidthClass:4
AngleClass:1
FullName:Lucida Sans Typewriter Oblique
WritingScript:Roman
WinName:Lucida Sans Typewriter Oblique
FileLength:59676
%EndFont

%BeginFont
Handler:WinTTHandler
FontType:TrueType
FontName:Magneto-Bold
FamilyName:Magneto
StyleName:Bold
WeightClass:700
WidthClass:6
AngleClass:0
FullName:Magneto Bold
WritingScript:Roman
WinName:Magneto Bold
FileLength:65284
%EndFont

%BeginFont
Handler:WinTTHandler
FontType:TrueType
FontName:MaiandraGD-Regular
FamilyName:Maiandra GD
StyleName:Regular
WeightClass:400
WidthClass:5
AngleClass:0
FullName:Maiandra GD
WritingScript:Roman
WinName:Maiandra GD
FileLength:51804
%EndFont

%BeginFont
Handler:WinTTHandler
FontType:TrueType
FontName:MaturaMTScriptCapitals
FamilyName:Matura MT Script Capitals
StyleName:Regular
WeightClass:400
WidthClass:5
AngleClass:0
FullName:Matura MT Script Capitals
WritingScript:Roman
WinName:Matura MT Script Capitals
FileLength:51296
%EndFont

%BeginFont
Handler:WinTTHandler
FontType:TrueType
FontName:Mistral
FamilyName:Mistral
StyleName:Regular
WeightClass:400
WidthClass:5
AngleClass:0
FullName:Mistral
WritingScript:Roman
WinName:Mistral
FileLength:191716
%EndFont

%BeginFont
Handler:WinTTHandler
FontType:TrueType
FontName:Modern-Regular
FamilyName:Modern No. 20
StyleName:Regular
WeightClass:400
WidthClass:5
AngleClass:0
FullName:Modern No. 20
WritingScript:Roman
WinName:Modern No. 20
FileLength:62612
%EndFont

%BeginFont
Handler:WinTTHandler
FontType:TrueType
FontName:NiagaraEngraved-Reg
FamilyName:Niagara Engraved
StyleName:Regular
WeightClass:400
WidthClass:3
AngleClass:0
FullName:Niagara Engraved
WritingScript:Roman
WinName:Niagara Engraved
FileLength:95904
%EndFont

%BeginFont
Handler:WinTTHandler
FontType:TrueType
FontName:NiagaraSolid-Reg
FamilyName:Niagara Solid
StyleName:Regular
WeightClass:400
WidthClass:3
AngleClass:0
FullName:Niagara Solid
WritingScript:Roman
WinName:Niagara Solid
FileLength:74012
%EndFont

%BeginFont
Handler:WinTTHandler
FontType:TrueType
FontName:OCRAExtended
FamilyName:OCR A Extended
StyleName:Regular
WeightClass:400
WidthClass:5
AngleClass:0
FullName:OCR A Extended
WritingScript:Roman
WinName:OCR A Extended
FileLength:56624
%EndFont

%BeginFont
Handler:WinTTHandler
FontType:TrueType
FontName:OldEnglishTextMT
FamilyName:Old English Text MT
StyleName:Regular
WeightClass:400
WidthClass:5
AngleClass:0
FullName:Old English Text MT
WritingScript:Roman
WinName:Old English Text MT
FileLength:93068
%EndFont

%BeginFont
Handler:WinTTHandler
FontType:TrueType
FontName:Onyx
FamilyName:Onyx
StyleName:Regular
WeightClass:400
WidthClass:5
AngleClass:0
FullName:Onyx
WritingScript:Roman
WinName:Onyx
FileLength:81044
%EndFont

%BeginFont
Handler:WinTTHandler
FontType:TrueType
FontName:PalaceScriptMT
FamilyName:Palace Script MT
StyleName:Regular
WeightClass:400
WidthClass:5
AngleClass:1
FullName:Palace Script MT
WritingScript:Roman
WinName:Palace Script MT
FileLength:46376
%EndFont

%BeginFont
Handler:WinTTHandler
FontType:TrueType
FontName:Papyrus-Regular
FamilyName:Papyrus
StyleName:Regular
WeightClass:400
WidthClass:5
AngleClass:0
FullName:Papyrus
WritingScript:Roman
WinName:Papyrus
FileLength:156000
%EndFont

%BeginFont
Handler:WinTTHandler
FontType:TrueType
FontName:Parchment-Regular
FamilyName:Parchment
StyleName:Regular
WeightClass:400
WidthClass:5
AngleClass:0
FullName:Parchment
WritingScript:Roman
WinName:Parchment
FileLength:151256
%EndFont

%BeginFont
Handler:WinTTHandler
FontType:TrueType
FontName:Perpetua
FamilyName:Perpetua
StyleName:Regular
WeightClass:400
WidthClass:5
AngleClass:0
FullName:Perpetua
WritingScript:Roman
WinName:Perpetua
FileLength:50308
%EndFont

%BeginFont
Handler:WinTTHandler
FontType:TrueType
FontName:Perpetua-BoldItalic
FamilyName:Perpetua
StyleName:Bold Italic
WeightClass:700
WidthClass:5
AngleClass:1
FullName:Perpetua Bold Italic
WritingScript:Roman
WinName:Perpetua Bold Italic
FileLength:70420
%EndFont

%BeginFont
Handler:WinTTHandler
FontType:TrueType
FontName:Perpetua-Bold
FamilyName:Perpetua
StyleName:Bold
WeightClass:700
WidthClass:5
AngleClass:0
FullName:Perpetua Bold
WritingScript:Roman
WinName:Perpetua Bold
FileLength:51172
%EndFont

%BeginFont
Handler:WinTTHandler
FontType:TrueType
FontName:Perpetua-Italic
FamilyName:Perpetua
StyleName:Italic
WeightClass:400
WidthClass:5
AngleClass:1
FullName:Perpetua Italic
WritingScript:Roman
WinName:Perpetua Italic
FileLength:70680
%EndFont

%BeginFont
Handler:WinTTHandler
FontType:TrueType
FontName:PerpetuaTitlingMT-Bold
FamilyName:Perpetua Titling MT
StyleName:Bold
WeightClass:700
WidthClass:5
AngleClass:0
FullName:Perpetua Titling MT Bold
WritingScript:Roman
WinName:Perpetua Titling MT Bold
FileLength:39628
%EndFont

%BeginFont
Handler:WinTTHandler
FontType:TrueType
FontName:PerpetuaTitlingMT-Light
FamilyName:Perpetua Titling MT
StyleName:Light
WeightClass:300
WidthClass:5
AngleClass:0
FullName:Perpetua Titling MT Light
WritingScript:Roman
WinName:Perpetua Titling MT Light
FileLength:36192
%EndFont

%BeginFont
Handler:WinTTHandler
FontType:TrueType
FontName:Playbill
FamilyName:Playbill
StyleName:Regular
WeightClass:400
WidthClass:1
AngleClass:0
FullName:Playbill
WritingScript:Roman
WinName:Playbill
FileLength:46164
%EndFont

%BeginFont
Handler:WinTTHandler
FontType:TrueType
FontName:PoorRichard-Regular
FamilyName:Poor Richard
StyleName:Regular
WeightClass:400
WidthClass:5
AngleClass:0
FullName:Poor Richard
WritingScript:Roman
WinName:Poor Richard
FileLength:76588
%EndFont

%BeginFont
Handler:WinTTHandler
FontType:TrueType
FontName:Pristina-Regular
FamilyName:Pristina
StyleName:Regular
WeightClass:400
WidthClass:5
AngleClass:0
FullName:Pristina
WritingScript:Roman
WinName:Pristina
FileLength:82680
%EndFont

%BeginFont
Handler:WinTTHandler
FontType:TrueType
FontName:RageItalic
FamilyName:Rage Italic
StyleName:Regular
WeightClass:400
WidthClass:5
AngleClass:0
FullName:Rage Italic
WritingScript:Roman
WinName:Rage Italic
FileLength:124932
%EndFont

%BeginFont
Handler:WinTTHandler
FontType:TrueType
FontName:Ravie
FamilyName:Ravie
StyleName:Regular
WeightClass:400
WidthClass:6
AngleClass:0
FullName:Ravie
WritingScript:Roman
WinName:Ravie
FileLength:74416
%EndFont

%BeginFont
Handler:WinTTHandler
FontType:TrueType
FontName:Rockwell
FamilyName:Rockwell
StyleName:Regular
WeightClass:400
WidthClass:5
AngleClass:0
FullName:Rockwell
WritingScript:Roman
WinName:Rockwell
FileLength:72484
%EndFont

%BeginFont
Handler:WinTTHandler
FontType:TrueType
FontName:Rockwell-Bold
FamilyName:Rockwell
StyleName:Bold
WeightClass:700
WidthClass:5
AngleClass:0
FullName:Rockwell Bold
WritingScript:Roman
WinName:Rockwell Bold
FileLength:63016
%EndFont

%BeginFont
Handler:WinTTHandler
FontType:TrueType
FontName:Rockwell-BoldItalic
FamilyName:Rockwell
StyleName:Bold Italic
WeightClass:700
WidthClass:5
AngleClass:1
FullName:Rockwell Bold Italic
WritingScript:Roman
WinName:Rockwell Bold Italic
FileLength:68380
%EndFont

%BeginFont
Handler:WinTTHandler
FontType:TrueType
FontName:Rockwell-Italic
FamilyName:Rockwell
StyleName:Italic
WeightClass:400
WidthClass:5
AngleClass:1
FullName:Rockwell Italic
WritingScript:Roman
WinName:Rockwell Italic
FileLength:71232
%EndFont

%BeginFont
Handler:WinTTHandler
FontType:TrueType
FontName:Rockwell-Condensed
FamilyName:Rockwell Condensed
StyleName:Regular
WeightClass:400
WidthClass:3
AngleClass:0
FullName:Rockwell Condensed
WritingScript:Roman
WinName:Rockwell Condensed
FileLength:48112
%EndFont

%BeginFont
Handler:WinTTHandler
FontType:TrueType
FontName:Rockwell-CondensedBold
FamilyName:Rockwell Condensed
StyleName:Bold
WeightClass:700
WidthClass:3
AngleClass:0
FullName:Rockwell Condensed Bold
WritingScript:Roman
WinName:Rockwell Condensed Bold
FileLength:50004
%EndFont

%BeginFont
Handler:WinTTHandler
FontType:TrueType
FontName:Rockwell-ExtraBold
FamilyName:Rockwell Extra Bold
StyleName:Regular
WeightClass:800
WidthClass:5
AngleClass:0
FullName:Rockwell Extra Bold
WritingScript:Roman
WinName:Rockwell Extra Bold
FileLength:48084
%EndFont

%BeginFont
Handler:WinTTHandler
FontType:TrueType
FontName:InformalRoman-Regular
FamilyName:Informal Roman
StyleName:Regular
WeightClass:400
WidthClass:5
AngleClass:0
FullName:Informal Roman
WritingScript:Roman
WinName:Informal Roman
FileLength:74968
%EndFont

%BeginFont
Handler:WinTTHandler
FontType:TrueType
FontName:ScriptMTBold
FamilyName:Script MT Bold
StyleName:Regular
WeightClass:700
WidthClass:5
AngleClass:0
FullName:Script MT Bold
WritingScript:Roman
WinName:Script MT Bold
FileLength:49804
%EndFont

%BeginFont
Handler:WinTTHandler
FontType:TrueType
FontName:ShowcardGothic-Reg
FamilyName:Showcard Gothic
StyleName:Regular
WeightClass:400
WidthClass:5
AngleClass:0
FullName:Showcard Gothic
WritingScript:Roman
WinName:Showcard Gothic
FileLength:52316
%EndFont

%BeginFont
Handler:WinTTHandler
FontType:TrueType
FontName:SnapITC-Regular
FamilyName:Snap ITC
StyleName:Regular
WeightClass:400
WidthClass:5
AngleClass:0
FullName:Snap ITC
WritingScript:Roman
WinName:Snap ITC
FileLength:63196
%EndFont

%BeginFont
Handler:WinTTHandler
FontType:TrueType
FontName:Stencil
FamilyName:Stencil
StyleName:Regular
WeightClass:400
WidthClass:5
AngleClass:0
FullName:Stencil
WritingScript:Roman
WinName:Stencil
FileLength:55596
%EndFont

%BeginFont
Handler:WinTTHandler
FontType:TrueType
FontName:TwCenMT-Bold
FamilyName:Tw Cen MT
StyleName:Bold
WeightClass:700
WidthClass:5
AngleClass:0
FullName:Tw Cen MT Bold
WritingScript:Roman
WinName:Tw Cen MT Bold
FileLength:68880
%EndFont

%BeginFont
Handler:WinTTHandler
FontType:TrueType
FontName:TwCenMT-Medium
FamilyName:Tw Cen MT
StyleName:Regular
WeightClass:400
WidthClass:5
AngleClass:0
FullName:Tw Cen MT
WritingScript:Roman
WinName:Tw Cen MT
FileLength:70448
%EndFont

%BeginFont
Handler:WinTTHandler
FontType:TrueType
FontName:TwCenMT-BoldItalic
FamilyName:Tw Cen MT
StyleName:Bold Italic
WeightClass:700
WidthClass:5
AngleClass:1
FullName:Tw Cen MT Bold Italic
WritingScript:Roman
WinName:Tw Cen MT Bold Italic
FileLength:68044
%EndFont

%BeginFont
Handler:WinTTHandler
FontType:TrueType
FontName:TwCenMT-MediumItalic
FamilyName:Tw Cen MT
StyleName:Italic
WeightClass:400
WidthClass:5
AngleClass:1
FullName:Tw Cen MT Italic
WritingScript:Roman
WinName:Tw Cen MT Italic
FileLength:72464
%EndFont

%BeginFont
Handler:WinTTHandler
FontType:TrueType
FontName:TwCenMT-CondensedMedium
FamilyName:Tw Cen MT Condensed
StyleName:Regular
WeightClass:400
WidthClass:5
AngleClass:0
FullName:Tw Cen MT Condensed
WritingScript:Roman
WinName:Tw Cen MT Condensed
FileLength:61036
%EndFont

%BeginFont
Handler:WinTTHandler
FontType:TrueType
FontName:TwCenMT-CondensedBold
FamilyName:Tw Cen MT Condensed
StyleName:Bold
WeightClass:700
WidthClass:5
AngleClass:0
FullName:Tw Cen MT Condensed Bold
WritingScript:Roman
WinName:Tw Cen MT Condensed Bold
FileLength:60172
%EndFont

%BeginFont
Handler:WinTTHandler
FontType:TrueType
FontName:TempusSansITC
FamilyName:Tempus Sans ITC
StyleName:Regular
WeightClass:400
WidthClass:5
AngleClass:0
FullName:Tempus Sans ITC
WritingScript:Roman
WinName:Tempus Sans ITC
FileLength:76100
%EndFont

%BeginFont
Handler:WinTTHandler
FontType:TrueType
FontName:VinerHandITC
FamilyName:Viner Hand ITC
StyleName:Regular
WeightClass:400
WidthClass:5
AngleClass:0
FullName:Viner Hand ITC
WritingScript:Roman
WinName:Viner Hand ITC
FileLength:104372
%EndFont

%BeginFont
Handler:WinTTHandler
FontType:TrueType
FontName:Vivaldii
FamilyName:Vivaldi
StyleName:Italic
WeightClass:400
WidthClass:3
AngleClass:1
FullName:Vivaldi Italic
WritingScript:Roman
WinName:Vivaldi Italic
FileLength:64748
%EndFont

%BeginFont
Handler:WinTTHandler
FontType:TrueType
FontName:VladimirScript
FamilyName:Vladimir Script
StyleName:Regular
WeightClass:400
WidthClass:5
AngleClass:0
FullName:Vladimir Script
WritingScript:Roman
WinName:Vladimir Script
FileLength:54308
%EndFont

%BeginFont
Handler:WinTTHandler
FontType:TrueType
FontName:LatinWide
FamilyName:Wide Latin
StyleName:Regular
WeightClass:400
WidthClass:9
AngleClass:0
FullName:Wide Latin
WritingScript:Roman
WinName:Wide Latin
FileLength:44824
%EndFont

%BeginFont
Handler:WinTTHandler
FontType:TrueType
FontName:BerlinSansFBDemi-Bold
FamilyName:Berlin Sans FB Demi
StyleName:Bold
WeightClass:700
WidthClass:5
AngleClass:0
FullName:Berlin Sans FB Demi Bold
WritingScript:Roman
WinName:Berlin Sans FB Demi Bold
FileLength:96852
%EndFont

%BeginFont
Handler:WinTTHandler
FontType:TrueType
FontName:TwCenMT-CondensedExtraBold
FamilyName:Tw Cen MT Condensed Extra Bold
StyleName:Regular
WeightClass:400
WidthClass:5
AngleClass:0
FullName:Tw Cen MT Condensed Extra Bold
WritingScript:Roman
WinName:Tw Cen MT Condensed Extra Bold
FileLength:67360
%EndFont

%BeginFont
Handler:WinTTHandler
FontType:TrueType
FontName:BitstreamVeraSansMono-Bold
FamilyName:Bitstream Vera Sans Mono
StyleName:Bold
WeightClass:700
WidthClass:5
AngleClass:0
FullName:Bitstream Vera Sans Mono Bold
WritingScript:Roman
WinName:Bitstream Vera Sans Mono Bold
FileLength:49052
%EndFont

%BeginFont
Handler:WinTTHandler
FontType:TrueType
FontName:BitstreamVeraSansMono-BoldOb
FamilyName:Bitstream Vera Sans Mono
StyleName:Bold Oblique
WeightClass:700
WidthClass:5
AngleClass:1
FullName:Bitstream Vera Sans Mono Bold Oblique
WritingScript:Roman
WinName:Bitstream Vera Sans Mono Bold Oblique
FileLength:55032
%EndFont

%BeginFont
Handler:WinTTHandler
FontType:TrueType
FontName:BitstreamVeraSansMono-Oblique
FamilyName:Bitstream Vera Sans Mono
StyleName:Oblique
WeightClass:400
WidthClass:5
AngleClass:1
FullName:Bitstream Vera Sans Mono Oblique
WritingScript:Roman
WinName:Bitstream Vera Sans Mono Oblique
FileLength:54508
%EndFont

%BeginFont
Handler:WinTTHandler
FontType:TrueType
FontName:BitstreamVeraSansMono-Roman
FamilyName:Bitstream Vera Sans Mono
StyleName:Roman
WeightClass:400
WidthClass:5
AngleClass:0
FullName:Bitstream Vera Sans Mono
WritingScript:Roman
WinName:Bitstream Vera Sans Mono
FileLength:49224
%EndFont

%BeginFont
Handler:WinTTHandler
FontType:TrueType
FontName:BitstreamVeraSans-Oblique
FamilyName:Bitstream Vera Sans
StyleName:Oblique
WeightClass:400
WidthClass:5
AngleClass:1
FullName:Bitstream Vera Sans Oblique
WritingScript:Roman
WinName:Bitstream Vera Sans Oblique
FileLength:63684
%EndFont

%BeginFont
Handler:WinTTHandler
FontType:TrueType
FontName:BitstreamVeraSans-Bold
FamilyName:Bitstream Vera Sans
StyleName:Bold
WeightClass:700
WidthClass:5
AngleClass:0
FullName:Bitstream Vera Sans Bold
WritingScript:Roman
WinName:Bitstream Vera Sans Bold
FileLength:58716
%EndFont

%BeginFont
Handler:WinTTHandler
FontType:TrueType
FontName:BitstreamVeraSans-BoldOblique
FamilyName:Bitstream Vera Sans
StyleName:Bold Oblique
WeightClass:700
WidthClass:5
AngleClass:1
FullName:Bitstream Vera Sans Bold Oblique
WritingScript:Roman
WinName:Bitstream Vera Sans Bold Oblique
FileLength:63208
%EndFont

%BeginFont
Handler:WinTTHandler
FontType:TrueType
FontName:BitstreamVeraSans-Roman
FamilyName:Bitstream Vera Sans
StyleName:Roman
WeightClass:400
WidthClass:5
AngleClass:0
FullName:Bitstream Vera Sans
WritingScript:Roman
WinName:Bitstream Vera Sans
FileLength:65932
%EndFont

%BeginFont
Handler:WinTTHandler
FontType:TrueType
FontName:BitstreamVeraSerif-Bold
FamilyName:Bitstream Vera Serif
StyleName:Bold
WeightClass:700
WidthClass:5
AngleClass:0
FullName:Bitstream Vera Serif Bold
WritingScript:Roman
WinName:Bitstream Vera Serif Bold
FileLength:58736
%EndFont

%BeginFont
Handler:WinTTHandler
FontType:TrueType
FontName:BitstreamVeraSerif-Roman
FamilyName:Bitstream Vera Serif
StyleName:Roman
WeightClass:400
WidthClass:5
AngleClass:0
FullName:Bitstream Vera Serif
WritingScript:Roman
WinName:Bitstream Vera Serif
FileLength:60280
%EndFont

%BeginFont
Handler:WinTTHandler
FontType:TrueType
FontName:OpenSymbol
FamilyName:OpenSymbol
StyleName:Regular
WeightClass:400
WidthClass:5
AngleClass:0
FullName:OpenSymbol
FamilyNameNative:OpenSymbol
StyleNameNative:Regular
FullNameNative:OpenSymbol
WritingScript:Japanese
WinName:OpenSymbol
FileLength:51220
%EndFont

%BeginFont
Handler:WinTTHandler
FontType:TrueType
FontName:Inkpen2Chords
FamilyName:Inkpen2 Chords
StyleName:Regular
WeightClass:400
WidthClass:5
AngleClass:0
FullName:Inkpen2 Chords
WritingScript:Roman
WinName:Inkpen2 Chords
FileLength:35460
%EndFont

%BeginFont
Handler:WinTTHandler
FontType:TrueType
FontName:Inkpen2Script
FamilyName:Inkpen2 Script
StyleName:Regular
WeightClass:400
WidthClass:5
AngleClass:0
FullName:Inkpen2 Script
WritingScript:Roman
WinName:Inkpen2 Script
FileLength:55568
%EndFont

%BeginFont
Handler:WinTTHandler
FontType:TrueType
FontName:Inkpen2Special
FamilyName:Inkpen2 Special
StyleName:Regular
WeightClass:400
WidthClass:5
AngleClass:0
FullName:Inkpen2 Special
WritingScript:Roman
WinName:Inkpen2 Special
FileLength:58276
%EndFont

%BeginFont
Handler:WinTTHandler
FontType:TrueType
FontName:Inkpen2Text
FamilyName:Inkpen2 Text
StyleName:Regular
WeightClass:400
WidthClass:5
AngleClass:0
FullName:Inkpen2 Text
WritingScript:Roman
WinName:Inkpen2 Text
FileLength:19804
%EndFont

%BeginFont
Handler:WinTTHandler
FontType:TrueType
FontName:Inkpen2
FamilyName:Inkpen2
StyleName:Regular
WeightClass:400
WidthClass:5
AngleClass:0
FullName:Inkpen2
WritingScript:Roman
WinName:Inkpen2
FileLength:19632
%EndFont

%BeginFont
Handler:WinTTHandler
FontType:TrueType
FontName:Opus
FamilyName:Opus
StyleName:Regular
WeightClass:400
WidthClass:5
AngleClass:0
FullName:Opus
WritingScript:Roman
WinName:Opus
FileLength:18780
%EndFont

%BeginFont
Handler:WinTTHandler
FontType:TrueType
FontName:OpusChords
FamilyName:Opus Chords
StyleName:Regular
WeightClass:400
WidthClass:5
AngleClass:0
FullName:Opus Chords
WritingScript:Roman
WinName:Opus Chords
FileLength:29700
%EndFont

%BeginFont
Handler:WinTTHandler
FontType:TrueType
FontName:OpusPercussion
FamilyName:Opus Percussion
StyleName:Regular
WeightClass:400
WidthClass:5
AngleClass:0
FullName:Opus Percussion
WritingScript:Roman
WinName:Opus Percussion
FileLength:33748
%EndFont

%BeginFont
Handler:WinTTHandler
FontType:TrueType
FontName:OpusPlainChords
FamilyName:Opus PlainChords
StyleName:Regular
WeightClass:400
WidthClass:5
AngleClass:0
FullName:Opus PlainChords
WritingScript:Roman
WinName:Opus PlainChords
FileLength:27084
%EndFont

%BeginFont
Handler:WinTTHandler
FontType:TrueType
FontName:OpusSpecial
FamilyName:Opus Special
StyleName:Regular
WeightClass:400
WidthClass:5
AngleClass:0
FullName:Opus Special
WritingScript:Roman
WinName:Opus Special
FileLength:42072
%EndFont

%BeginFont
Handler:WinTTHandler
FontType:TrueType
FontName:OpusText
FamilyName:Opus Text
StyleName:Regular
WeightClass:400
WidthClass:5
AngleClass:0
FullName:Opus Text
WritingScript:Roman
WinName:Opus Text
FileLength:16620
%EndFont

